../Core/Src/main.c:106:5:main	144	static,ignoring_inline_asm
../Core/Src/main.c:262:6:SystemClock_Config	88	static
../Core/Src/main.c:304:6:HAL_UART_TxCpltCallback	16	static
../Core/Src/main.c:316:6:HAL_UARTEx_RxEventCallback	16	static
../Core/Src/main.c:326:6:HAL_I2C_MasterTxCpltCallback	16	static
../Core/Src/main.c:330:6:HAL_I2C_MasterRxCpltCallback	16	static
../Core/Src/main.c:333:6:HAL_TIM_PeriodElapsedCallback	16	static
../Core/Src/main.c:341:6:LED_Checking	8	static
../Core/Src/main.c:362:6:strip_crlf	24	static
../Core/Src/main.c:369:6:HAL_Send_AT_Message	16	static
../Core/Src/main.c:374:6:ESP32_Initialization_Steps	16	static
../Core/Src/main.c:401:6:Error_Handler	4	static,ignoring_inline_asm
